RAM Allocation
Variable                                                          Address   Size
--------------------------------------------------------------------------------
distance                                                          0x0311       4
_base_y                                                           0x0315       4
_seed                                                             0x0319       4

EEPROM Allocation
Variable                                                          Address   Size
--------------------------------------------------------------------------------

Register Allocation
Variable                                                          Register  Size
--------------------------------------------------------------------------------
timerOverFlow                                                     R3,R4        2
status                                                            R6           1
_lcd_x                                                            R5           1
_lcd_y                                                            R8           1
_lcd_maxx                                                         R7           1
