RAM Allocation
Variable                                                          Address   Size
--------------------------------------------------------------------------------
_base_y                                                           0x038A       4
_seed                                                             0x038E       4

EEPROM Allocation
Variable                                                          Address   Size
--------------------------------------------------------------------------------

Register Allocation
Variable                                                          Register  Size
--------------------------------------------------------------------------------
distant                                                           R3,R4        2
_lcd_x                                                            R6           1
_lcd_y                                                            R5           1
_lcd_maxx                                                         R8           1
